FM_TEST_BEGIN 2026-09-18T04:15:30Z tests/fm-spawn-pool-base-freshen.test.sh family=standalone expected_gate_skip=none
ok - a remote-seeded secondmate home allocates and launches from its Treehouse pool
ok - a Treehouse slot claim names the launched task, refuses when unclaimable, and is dropped by a locked abort
ok - linked spawning home: primary preserves the primary before any refresh
ok - linked spawning home: primary-alias preserves the primary before any refresh
ok - linked spawning home: spawning preserves the primary before any refresh
ok - linked spawning home: scout preserves the primary before any refresh
ok - a stale pooled worktree refreshes to current origin/main before a crew branch is created
ok - a stale pooled worktree resolves and refreshes a non-main default branch
ok - a recorded integration base refreshes the pooled worktree from its fetched remote tip
ok - a recorded base that exists only locally refuses the pooled worktree
ok - a project with no recorded base still resets to origin's default branch
ok - an unresolvable or malformed recorded base refuses the pooled worktree
ok - a brief states its setup base but cannot override project configuration
ok - direct-PR ships and scouts both refresh stale pooled worktrees before launch
ok - a dirty pooled worktree is refused without discarding its local work
ok - an unresolved remote default branch refuses the pooled worktree
ok - an unreachable origin refuses a potentially stale pooled worktree
ok - an origin-less pooled worktree launches as-is, skipping the freshness gate
ok - a dirty origin-less pooled worktree is refused without discarding its local work
ok - an origin configuration without a URL refuses the pooled worktree
ok - an empty origin configuration section refuses the pooled worktree
ok - an empty-only included origin section documents the accepted detection boundary
ok - an inactive conditional origin include leaves the pooled worktree origin-less
ok - an origin-less pool with a stale submodule pin refuses while naming both pins and no remedy
ok - an unpushed submodule commit keeps the uncommitted-work refusal and survives it
ok - work inside a submodule is still refused as uncommitted work, not called stale
ok - a stale pin carrying real work is refused conservatively, never called stale
ok - a stale pin beside other dirt yields the conservative refusal alone, with no stale-pin line
# all fm-spawn-pool-base-freshen tests passed
FM_TEST_END 2026-09-18T04:17:45Z tests/fm-spawn-pool-base-freshen.test.sh exit=0 duration_ms=135535 gate_skip=false
FM_TEST_SUMMARY total=1 failed=0 skipped_gate=0 duration_ms=135640
FM_TEST_SUMMARY_FAMILY family=standalone count=1 duration_ms=135535 failed=0
FM_TEST_SLOWEST rank=1 script=tests/fm-spawn-pool-base-freshen.test.sh duration_ms=135535
