FM_TEST_BEGIN 2026-09-18T04:17:46Z tests/fm-crew-state.test.sh family=pure-contract-unit expected_gate_skip=none
ok - captured AXI replacement status replays through crew-state
ok - captured AXI parked status replays through crew-state
ok - captured AXI failed status replays through crew-state
ok - captured capped inventory replays selection, ambiguity, and unavailable lookup
ok - captured status formats reject a synthetic authority transition
ok - captured completed status yields to synthetic subsequent development
ok - active run-step is authoritative
ok - stale needs-decision over active run is superseded
ok - stale blocked over active run is superseded
ok - daemon/timeout blocked claim over a live fixing run reads as run alive
ok - socket refusal or missing socket over a stale fixing run reports blocked
ok - socket refusal over a terminal attributed run reports blocked
ok - socket-down evidence outranks a live run only while it is the log's latest event
ok - broken-pipe blocker over a live run keeps the plain superseded reading
ok - genuine daemon-down blocked line still reports blocked
ok - a busy secondmate keeps its open blocker until that exact key closes
ok - the most recently opened decision supplies the reported state and detail
ok - ship and scout terminal declarations supersede stale decisions
ok - latest status retains legacy completion events and shared captain matching
ok - latest status subprocess work stays bounded and still reads past a long prose tail
ok - genuine parked run is not flagged superseded
ok - scalar gate parked run is not flagged superseded
ok - gate block parked run is not flagged superseded
ok - ci-ready status log beats monitoring run
ok - ci-monitoring run with checks already green surfaces done
ok - top-level ci status uses ci log green marker
ok - terminal no-checks ci-monitor marker surfaces done
ok - base-advance rearm after green stays working
ok - pending no-checks ci-monitor marker stays working
ok - ci-monitoring run with checks not yet green stays working
ok - a fresh issue after an earlier green reading is not masked
ok - stale checks-green status log does not mask CI relapse
ok - ci fixing is not overridden by an earlier green marker
ok - top-level fixing is not overridden by a stale ci running row
ok - top-level fixing is not overridden by a stale done log
ok - terminal passed run is authoritative
ok - terminal passed run uses matching retirement receipt without forge
ok - terminal passed no-forge mode preserves local receipt evidence
ok - terminal passed run with open PR does not claim merged
ok - terminal passed run PR overrides stale task metadata
ok - terminal passed run without readable PR identity reports unknown
ok - terminal passed run reads open GitLab MR state
ok - terminal passed run reads merged GitLab MR state
ok - terminal passed run handles failed GitLab read
ok - terminal failed run is authoritative
ok - orphaned ci monitor after green reads as held-for-merge done
ok - status-only failed orphaned ci monitor after green reads done
ok - genuinely failing CI keeps the failed verdict
ok - a second failed step disqualifies the orphaned-monitor reclassification
ok - cross-branch run is attributed via the real runs list
ok - socket refusal over a coarse active run reports blocked
ok - failed ledger record reads unknown only when the daemon is provably down
ok - cross-branch attribution picks the branch's most recent row
ok - a newer failure is not hidden by a live sibling
ok - runs-list selection keeps the newer failure over an older live row
ok - an older unfetched live sibling does not hide a newer failure
ok - two terminal rows keep the existing newest-first precedence
ok - an unclassifiable status row keeps the ledger's newest-first precedence
ok - a terminal run with no live sibling is unchanged
ok - coarse run does not probe another branch's ci log
ok - another branch's run is ignored, falls back
ok - no run + a busy semantic record reads working, attributed to its source
ok - a converted adapter never reads working from rendered footer text
ok - grok still reads working through its isolated rendered-tail fallback
ok - herdr's native busy verdict reads working with no record present
ok - a herdr CLI that fails to answer reads unknown/unreachable, never gone
ok - an alive endpoint whose scrollback read failed stays working
ok - a husk pane (agent gone) still reads gone for reclaim
ok - a mid-tool-call crew stays working because its record outranks herdr's generation state
ok - an idle record with idle agent_status stays not-busy (no regression for a human-blocked agent)
ok - no run + idle pane uses the status-log verb
ok - no run + idle pane parses keyed status syntax
ok - no run + idle pane on a paused: status reports state: paused with its reason
ok - no run + idle pane honors the configured paused verb
ok - a trailing resolved: event does not corrupt state render (idle stays idle)
ok - dead window ignores stale status log
ok - a tmux that fails to answer reads unknown/unreachable, never gone
ok - closed pane still reports a terminal run-step
ok - closed pane still reports an active run-step
ok - no timeout command uses perl bound
ok - scout skips the run lookup
ok - torn-down worktree is handled gracefully
ok - fm-crew-state remote: alive endpoint falls through to the routed status log
ok - fm-crew-state remote: an idle alive endpoint reads alive, never gone or dead
ok - fm-crew-state remote: an unreachable host reads unknown-remote, never gone or dead
ok - fm-crew-state remote: the remote host's own dead verdict is reported truthfully
ok - missing meta is handled gracefully
ok - crew_is_provably_working absorbs a validating crew found only via the runs-list fallback
ok - crew_is_provably_working still surfaces a genuinely stopped crew (safety property preserved)
ok - usage error exits 2
ok - historical same-branch rewritten head is not attributed as current
ok - active run with valid descendant fix head remains current
ok - local work advanced past run head invalidates attribution
ok - pipeline-owned active run binds without head equality and beats the failed row
ok - a genuinely failed run with no later run is not hidden
ok - coarse scan anchors the unresolvable active row instead of falling to an older one
ok - coarse scan with a mismatched anchor stays unknown and lets the pane answer
ok - the exemption requires branch_sync.state=pipeline_owned
ok - the exemption never applies to a terminal run
ok - missing run head falls back instead of matching by branch
ok - active fix round with an unfetched pipeline head reads working
ok - unanchored unverifiable active row is never attributed
ok - unresolvable terminal row never reads as current
ok - runs-list continuation attribution works when axi answers another branch
ok - herdr stale registration over a shell-only pane reads agent gone, not alive
ok - herdr stale working record never reports a shell-only pane busy
ok - capped overview retains both competing same-branch run ids
ok - same-branch identity survives both runs falling outside the overview
ok - complete inventory preserves the replacement gate without writes
ok - missing complete-inventory failure reports unknown
ok - corrupt complete-inventory failure reports unknown
ok - schema complete-inventory failure reports unknown
ok - repo complete-inventory failure reports unknown
ok - count complete-inventory failure reports unknown
ok - R6 complete selection ignores unrelated branch semantics
ok - R6 requested branches use exact identity without a whitelist
ok - R6 capped inventory ignores unrelated semantics and names both ids
ok - R6 complete identity lookup precedes partial-row semantic rejection
ok - R6 capped inventory preserves quoted requested-branch identity
ok - R6 structural completeness and requested-run validation remain enforced
ok - R5 complete inventory without Python keeps the replacement gate
ok - R5 complete ambiguity without Python names both ids
ok - R5 capped lookup without Python preserves available ids
ok - R5 capped lookup without SQLite support preserves available ids
ok - R1 both directions of inventory liveness disagreement read unknown
ok - R2 uninitialized busy workers retain pane reporting
ok - R2 uninitialized idle workers retain status reporting
ok - R3 historical inventory yields to the current busy pane
ok - R3 historical inventory yields to current worker status
ok - superseded cancelled run preserves the replacement review gate
ok - competing live runs report unknown with both run ids
ok - newer failed run remains failed beside an older live run
ok - missing run selection reports unknown with candidate ids
ok - wrong-id run selection reports unknown with candidate ids
ok - wrong-branch run selection reports unknown with candidate ids
ok - wrong-head run selection reports unknown with candidate ids
ok - missing-status run selection reports unknown with candidate ids
ok - malformed-table run selection reports unknown with candidate ids
ok - inventory-error run selection reports unknown with candidate ids
ok - selected-error run selection reports unknown with candidate ids
ok - legacy conflicting run records report unknown
all fm-crew-state tests passed
FM_TEST_END 2026-09-18T04:19:21Z tests/fm-crew-state.test.sh exit=0 duration_ms=94206 gate_skip=false
FM_TEST_SUMMARY total=1 failed=0 skipped_gate=0 duration_ms=94293
FM_TEST_SUMMARY_FAMILY family=pure-contract-unit count=1 duration_ms=94206 failed=0
FM_TEST_SLOWEST rank=1 script=tests/fm-crew-state.test.sh duration_ms=94206
